Tuning frequency: 56000011
Tuning frequency: 10852583132904
