Most pressure release: 1651
Most pressure release: 1474
