Sum of quality levels: 33
Sum of quality levels: 1081
