Size of tower in units: 3068
Size of tower in units: 3168
