Most pressure release: 1707
Most pressure release: 2100
