Monkey business: 2713310158
Monkey business: 39109444654
